Java HotSpot(TM) 64-Bit Server VM (25.161-b12) for windows-amd64 JRE (1.8.0_161-b12), built on Dec 19 2017 17:52:25 by "java_re" with MS VC++ 10.0 (VS2010)
Memory: 4k page, physical 33471732k(26534468k free), swap 35568884k(26325156k free)
CommandLine flags: -XX:InitialHeapSize=62914560 -XX:MaxHeapSize=62914560 -XX:+PrintGC -XX:+PrintGCDetails -XX:+PrintGCTimeStamps -XX:SurvivorRatio=8 -XX:+UseCompressedClassPointers -XX:+UseCompressedOops -XX:-UseLargePagesIndividualAllocation -XX:+UseParallelGC 
6.641: [GC (Allocation Failure) [PSYoungGen: 16381K->2024K(18432K)] 16381K->14154K(59392K), 0.0036372 secs] [Times: user=0.06 sys=0.09, real=0.00 secs] 
14.832: [GC (Allocation Failure) [PSYoungGen: 18353K->2036K(18432K)] 30483K->30592K(59392K), 0.0046097 secs] [Times: user=0.00 sys=0.00, real=0.02 secs] 
14.848: [Full GC (Ergonomics) [PSYoungGen: 2036K->0K(18432K)] [ParOldGen: 28556K->30359K(40960K)] 30592K->30359K(59392K), [Metaspace: 3940K->3940K(1056768K)], 0.0120934 secs] [Times: user=0.01 sys=0.02, real=0.01 secs] 
22.888: [Full GC (Ergonomics) [PSYoungGen: 16344K->5500K(18432K)] [ParOldGen: 30359K->40861K(40960K)] 46703K->46362K(59392K), [Metaspace: 3940K->3940K(1056768K)], 0.0065043 secs] [Times: user=0.09 sys=0.06, real=0.01 secs] 
Heap
 PSYoungGen      total 18432K, used 10379K [0x00000000fec00000, 0x0000000100000000, 0x0000000100000000)
  eden space 16384K, 63% used [0x00000000fec00000,0x00000000ff622d10,0x00000000ffc00000)
  from space 2048K, 0% used [0x00000000ffe00000,0x00000000ffe00000,0x0000000100000000)
  to   space 2048K, 0% used [0x00000000ffc00000,0x00000000ffc00000,0x00000000ffe00000)
 ParOldGen       total 40960K, used 40861K [0x00000000fc400000, 0x00000000fec00000, 0x00000000fec00000)
  object space 40960K, 99% used [0x00000000fc400000,0x00000000febe75d0,0x00000000fec00000)
 Metaspace       used 3946K, capacity 4568K, committed 4864K, reserved 1056768K
  class space    used 434K, capacity 460K, committed 512K, reserved 1048576K
